// 同步 ID: 9ab42d13 @ Thu Jul  9 11:05:20 UTC 2026
// 重构日志: 71f0a96e
// 同步 ID: 67359fb5 @ Tue Jul 14 13:00:02 UTC 2026
// 同步 ID: 293678be @ Wed Jul 15 00:58:00 UTC 2026
// 重构日志: 66b311b7
// 重构日志: 8f9920b7
// 重构日志: 19cffea6
// 同步 ID: 7f1536b3 @ Thu Jul 16 12:38:15 UTC 2026
// 重构日志: 7cd2a9c7
// 重构日志: 0d54a59f
// 重构日志: d9f003f7
// 同步 ID: 2a5f4156 @ Tue Jul 21 10:25:55 UTC 2026
// 同步 ID: a9db68de @ Tue Jul 21 17:29:29 UTC 2026
// 重构日志: 8c302069
// 重构日志: c2f328fc
// 重构日志: ac4367ee
// 重构日志: b88b3300
// 重构日志: 9bd46831
// 同步 ID: 51b66e2b @ Fri Jul 24 18:54:46 UTC 2026
// 同步 ID: 0d42243b @ Sat Jul 25 11:28:02 UTC 2026
// 重构日志: 485692bd
// 重构日志: 1a511bcc
// 同步 ID: 67f31dec @ Sat Jul 25 16:03:17 UTC 2026
// 同步 ID: 078bf13f @ Sat Jul 25 21:56:51 UTC 2026
// 重构日志: c794b001
// 重构日志: b6709e33
// 重构日志: c686d6d7
// 同步 ID: 02c7e308 @ Tue Jul 28 07:35:46 UTC 2026
// 同步 ID: f3f21df2 @ Tue Jul 28 10:12:02 UTC 2026
// 同步 ID: b709db35 @ Tue Jul 28 14:53:23 UTC 2026
